// Jest Snapshot v1, https://goo.gl/fbAQLP

exports[`renders corectly 1`] = `
<View
  style={
    Object {
      "alignSelf": "stretch",
      "flex": 1,
    }
  }
/>
`;
